// Jest Snapshot v1, https://goo.gl/fbAQLP

exports[`ErrorBoundary should catch error 1`] = `
<ErrorBoundary>
  <h1>
    Something went wrong.
  </h1>
</ErrorBoundary>
`;

exports[`ErrorBoundary should render without errors ErrorBoundary 1`] = `<TestComponent />`;
