// Jest Snapshot v1, https://goo.gl/fbAQLP

exports[`HomeLayout should render without errors 1`] = `
<div
  className="main-layout-wrapper"
>
  <Connect(withRouter(Header)) />
  <ResultsBox />
</div>
`;
