// Jest Snapshot v1, https://goo.gl/fbAQLP

exports[`MainLayout should render without errors 1`] = `
<div
  className="main-layout-wrapper"
>
  <Header />
  <ResultsBox />
  <FilmsBox />
</div>
`;
