// Jest Snapshot v1, https://goo.gl/fbAQLP

exports[`<films FilmsList /> should render SearchButton without errors 1`] = `
<div
  className="results-list-box"
>
  <ul
    className="results-list"
  >
    <li>
      <img
        alt="Movie title 4"
        src="https://images.pexels.com/photos/460307/pexels-photo-460307.jpeg?auto=compress&cs=tinysrgb&h=350"
      />
      <div
        className="col-50"
      >
        <p
          className="title"
        >
          Movie title 4
        </p>
        <p
          className="genre"
        >
          Drama2
        </p>
      </div>
      <div
        className="col-50 text-align-right"
      >
        <span
          className="release-date"
        >
          1299
        </span>
      </div>
    </li>
    <li>
      <img
        alt="Movie title 5"
        src="https://images.pexels.com/photos/460307/pexels-photo-460307.jpeg?auto=compress&cs=tinysrgb&h=350"
      />
      <div
        className="col-50"
      >
        <p
          className="title"
        >
          Movie title 5
        </p>
        <p
          className="genre"
        >
          Drama2
        </p>
      </div>
      <div
        className="col-50 text-align-right"
      >
        <span
          className="release-date"
        >
          1395
        </span>
      </div>
    </li>
    <li>
      <img
        alt="Movie title 1"
        src="https://images.pexels.com/photos/460307/pexels-photo-460307.jpeg?auto=compress&cs=tinysrgb&h=350"
      />
      <div
        className="col-50"
      >
        <p
          className="title"
        >
          Movie title 1
        </p>
        <p
          className="genre"
        >
          Drama
        </p>
      </div>
      <div
        className="col-50 text-align-right"
      >
        <span
          className="release-date"
        >
          1995
        </span>
      </div>
    </li>
    <li>
      <img
        alt="Movie title 2"
        src="https://images.pexels.com/photos/257092/pexels-photo-257092.jpeg?auto=compress&cs=tinysrgb&h=350"
      />
      <div
        className="col-50"
      >
        <p
          className="title"
        >
          Movie title 2
        </p>
        <p
          className="genre"
        >
          Comedy
        </p>
      </div>
      <div
        className="col-50 text-align-right"
      >
        <span
          className="release-date"
        >
          1998
        </span>
      </div>
    </li>
    <li>
      <img
        alt="Movie title 3"
        src="https://images.pexels.com/photos/374633/pexels-photo-374633.jpeg?auto=compress&cs=tinysrgb&h=350"
      />
      <div
        className="col-50"
      >
        <p
          className="title"
        >
          Movie title 3
        </p>
        <p
          className="genre"
        >
          Drama
        </p>
      </div>
      <div
        className="col-50 text-align-right"
      >
        <span
          className="release-date"
        >
          1991
        </span>
      </div>
    </li>
  </ul>
</div>
`;
