// Jest Snapshot v1, https://goo.gl/fbAQLP

exports[`<films FilmsSortBy/> should render <FilmsSortBy /> components 1`] = `
Array [
  "Films by ",
  " genre.",
]
`;
